10-03 01:45:58.426 25130-25130/org.radindustries.radwolfsdragon.examples.wifip2ppeerdiscoverytest E/Zygote: v2
10-03 01:45:58.426 25130-25130/org.radindustries.radwolfsdragon.examples.wifip2ppeerdiscoverytest I/libpersona: KNOX_SDCARD checking this for 10211
10-03 01:45:58.426 25130-25130/org.radindustries.radwolfsdragon.examples.wifip2ppeerdiscoverytest I/libpersona: KNOX_SDCARD not a persona
10-03 01:45:58.426 25130-25130/org.radindustries.radwolfsdragon.examples.wifip2ppeerdiscoverytest W/SELinux: Function: selinux_compare_spd_ram, index[1], priority [2], priority version is VE=SEPF_SECMOBILE_6.0.1_0030
10-03 01:45:58.426 25130-25130/org.radindustries.radwolfsdragon.examples.wifip2ppeerdiscoverytest E/Zygote: accessInfo : 0
10-03 01:45:58.426 25130-25130/org.radindustries.radwolfsdragon.examples.wifip2ppeerdiscoverytest W/SELinux: SELinux: seapp_context_lookup: seinfo=default, level=s0:c512,c768, pkgname=org.radindustries.radwolfsdragon.examples.wifip2ppeerdiscoverytest 
10-03 01:45:58.436 25130-25130/org.radindustries.radwolfsdragon.examples.wifip2ppeerdiscoverytest I/art: Late-enabling -Xcheck:jni
10-03 01:45:58.496 25130-25130/org.radindustries.radwolfsdragon.examples.wifip2ppeerdiscoverytest D/TimaKeyStoreProvider: TimaSignature is unavailable
10-03 01:45:58.496 25130-25130/org.radindustries.radwolfsdragon.examples.wifip2ppeerdiscoverytest D/ActivityThread: Added TimaKeyStore provider
10-03 01:45:58.676 25130-25130/org.radindustries.radwolfsdragon.examples.wifip2ppeerdiscoverytest W/art: Failed execv(/system/bin/dex2oat --runtime-arg -classpath --runtime-arg  --debuggable --instruction-set=arm --instruction-set-features=smp,div,atomic_ldrd_strd --runtime-arg -Xrelocate --boot-image=/system/framework/boot.art --runtime-arg -Xms64m --runtime-arg -Xmx512m --instruction-set-variant=krait --instruction-set-features=default --dex-file=/data/app/org.radindustries.radwolfsdragon.examples.wifip2ppeerdiscoverytest-1/split_lib_dependencies_apk.apk --oat-file=/data/dalvik-cache/arm/data@app@org.radindustries.radwolfsdragon.examples.wifip2ppeerdiscoverytest-1@split_lib_dependencies_apk.apk@classes.dex) because non-0 exit status
10-03 01:45:58.936 25130-25130/org.radindustries.radwolfsdragon.examples.wifip2ppeerdiscoverytest W/art: Failed execv(/system/bin/dex2oat --runtime-arg -classpath --runtime-arg  --debuggable --instruction-set=arm --instruction-set-features=smp,div,atomic_ldrd_strd --runtime-arg -Xrelocate --boot-image=/system/framework/boot.art --runtime-arg -Xms64m --runtime-arg -Xmx512m --instruction-set-variant=krait --instruction-set-features=default --dex-file=/data/app/org.radindustries.radwolfsdragon.examples.wifip2ppeerdiscoverytest-1/split_lib_slice_0_apk.apk --oat-file=/data/dalvik-cache/arm/data@app@org.radindustries.radwolfsdragon.examples.wifip2ppeerdiscoverytest-1@split_lib_slice_0_apk.apk@classes.dex) because non-0 exit status
10-03 01:45:58.996 25130-25130/org.radindustries.radwolfsdragon.examples.wifip2ppeerdiscoverytest W/art: Failed execv(/system/bin/dex2oat --runtime-arg -classpath --runtime-arg  --debuggable --instruction-set=arm --instruction-set-features=smp,div,atomic_ldrd_strd --runtime-arg -Xrelocate --boot-image=/system/framework/boot.art --runtime-arg -Xms64m --runtime-arg -Xmx512m --instruction-set-variant=krait --instruction-set-features=default --dex-file=/data/app/org.radindustries.radwolfsdragon.examples.wifip2ppeerdiscoverytest-1/split_lib_slice_1_apk.apk --oat-file=/data/dalvik-cache/arm/data@app@org.radindustries.radwolfsdragon.examples.wifip2ppeerdiscoverytest-1@split_lib_slice_1_apk.apk@classes.dex) because non-0 exit status
10-03 01:45:59.056 25130-25130/org.radindustries.radwolfsdragon.examples.wifip2ppeerdiscoverytest W/art: Failed execv(/system/bin/dex2oat --runtime-arg -classpath --runtime-arg  --debuggable --instruction-set=arm --instruction-set-features=smp,div,atomic_ldrd_strd --runtime-arg -Xrelocate --boot-image=/system/framework/boot.art --runtime-arg -Xms64m --runtime-arg -Xmx512m --instruction-set-variant=krait --instruction-set-features=default --dex-file=/data/app/org.radindustries.radwolfsdragon.examples.wifip2ppeerdiscoverytest-1/split_lib_slice_2_apk.apk --oat-file=/data/dalvik-cache/arm/data@app@org.radindustries.radwolfsdragon.examples.wifip2ppeerdiscoverytest-1@split_lib_slice_2_apk.apk@classes.dex) because non-0 exit status
10-03 01:45:59.106 25130-25130/org.radindustries.radwolfsdragon.examples.wifip2ppeerdiscoverytest W/art: Failed execv(/system/bin/dex2oat --runtime-arg -classpath --runtime-arg  --debuggable --instruction-set=arm --instruction-set-features=smp,div,atomic_ldrd_strd --runtime-arg -Xrelocate --boot-image=/system/framework/boot.art --runtime-arg -Xms64m --runtime-arg -Xmx512m --instruction-set-variant=krait --instruction-set-features=default --dex-file=/data/app/org.radindustries.radwolfsdragon.examples.wifip2ppeerdiscoverytest-1/split_lib_slice_3_apk.apk --oat-file=/data/dalvik-cache/arm/data@app@org.radindustries.radwolfsdragon.examples.wifip2ppeerdiscoverytest-1@split_lib_slice_3_apk.apk@classes.dex) because non-0 exit status
10-03 01:45:59.176 25130-25130/org.radindustries.radwolfsdragon.examples.wifip2ppeerdiscoverytest W/art: Failed execv(/system/bin/dex2oat --runtime-arg -classpath --runtime-arg  --debuggable --instruction-set=arm --instruction-set-features=smp,div,atomic_ldrd_strd --runtime-arg -Xrelocate --boot-image=/system/framework/boot.art --runtime-arg -Xms64m --runtime-arg -Xmx512m --instruction-set-variant=krait --instruction-set-features=default --dex-file=/data/app/org.radindustries.radwolfsdragon.examples.wifip2ppeerdiscoverytest-1/split_lib_slice_4_apk.apk --oat-file=/data/dalvik-cache/arm/data@app@org.radindustries.radwolfsdragon.examples.wifip2ppeerdiscoverytest-1@split_lib_slice_4_apk.apk@classes.dex) because non-0 exit status
10-03 01:45:59.246 25130-25130/org.radindustries.radwolfsdragon.examples.wifip2ppeerdiscoverytest W/art: Failed execv(/system/bin/dex2oat --runtime-arg -classpath --runtime-arg  --debuggable --instruction-set=arm --instruction-set-features=smp,div,atomic_ldrd_strd --runtime-arg -Xrelocate --boot-image=/system/framework/boot.art --runtime-arg -Xms64m --runtime-arg -Xmx512m --instruction-set-variant=krait --instruction-set-features=default --dex-file=/data/app/org.radindustries.radwolfsdragon.examples.wifip2ppeerdiscoverytest-1/split_lib_slice_5_apk.apk --oat-file=/data/dalvik-cache/arm/data@app@org.radindustries.radwolfsdragon.examples.wifip2ppeerdiscoverytest-1@split_lib_slice_5_apk.apk@classes.dex) because non-0 exit status
10-03 01:45:59.316 25130-25130/org.radindustries.radwolfsdragon.examples.wifip2ppeerdiscoverytest W/art: Failed execv(/system/bin/dex2oat --runtime-arg -classpath --runtime-arg  --debuggable --instruction-set=arm --instruction-set-features=smp,div,atomic_ldrd_strd --runtime-arg -Xrelocate --boot-image=/system/framework/boot.art --runtime-arg -Xms64m --runtime-arg -Xmx512m --instruction-set-variant=krait --instruction-set-features=default --dex-file=/data/app/org.radindustries.radwolfsdragon.examples.wifip2ppeerdiscoverytest-1/split_lib_slice_6_apk.apk --oat-file=/data/dalvik-cache/arm/data@app@org.radindustries.radwolfsdragon.examples.wifip2ppeerdiscoverytest-1@split_lib_slice_6_apk.apk@classes.dex) because non-0 exit status
10-03 01:45:59.376 25130-25130/org.radindustries.radwolfsdragon.examples.wifip2ppeerdiscoverytest W/art: Failed execv(/system/bin/dex2oat --runtime-arg -classpath --runtime-arg  --debuggable --instruction-set=arm --instruction-set-features=smp,div,atomic_ldrd_strd --runtime-arg -Xrelocate --boot-image=/system/framework/boot.art --runtime-arg -Xms64m --runtime-arg -Xmx512m --instruction-set-variant=krait --instruction-set-features=default --dex-file=/data/app/org.radindustries.radwolfsdragon.examples.wifip2ppeerdiscoverytest-1/split_lib_slice_7_apk.apk --oat-file=/data/dalvik-cache/arm/data@app@org.radindustries.radwolfsdragon.examples.wifip2ppeerdiscoverytest-1@split_lib_slice_7_apk.apk@classes.dex) because non-0 exit status
10-03 01:45:59.446 25130-25130/org.radindustries.radwolfsdragon.examples.wifip2ppeerdiscoverytest W/art: Failed execv(/system/bin/dex2oat --runtime-arg -classpath --runtime-arg  --debuggable --instruction-set=arm --instruction-set-features=smp,div,atomic_ldrd_strd --runtime-arg -Xrelocate --boot-image=/system/framework/boot.art --runtime-arg -Xms64m --runtime-arg -Xmx512m --instruction-set-variant=krait --instruction-set-features=default --dex-file=/data/app/org.radindustries.radwolfsdragon.examples.wifip2ppeerdiscoverytest-1/split_lib_slice_8_apk.apk --oat-file=/data/dalvik-cache/arm/data@app@org.radindustries.radwolfsdragon.examples.wifip2ppeerdiscoverytest-1@split_lib_slice_8_apk.apk@classes.dex) because non-0 exit status
10-03 01:45:59.526 25130-25130/org.radindustries.radwolfsdragon.examples.wifip2ppeerdiscoverytest W/art: Failed execv(/system/bin/dex2oat --runtime-arg -classpath --runtime-arg  --debuggable --instruction-set=arm --instruction-set-features=smp,div,atomic_ldrd_strd --runtime-arg -Xrelocate --boot-image=/system/framework/boot.art --runtime-arg -Xms64m --runtime-arg -Xmx512m --instruction-set-variant=krait --instruction-set-features=default --dex-file=/data/app/org.radindustries.radwolfsdragon.examples.wifip2ppeerdiscoverytest-1/split_lib_slice_9_apk.apk --oat-file=/data/dalvik-cache/arm/data@app@org.radindustries.radwolfsdragon.examples.wifip2ppeerdiscoverytest-1@split_lib_slice_9_apk.apk@classes.dex) because non-0 exit status
10-03 01:45:59.526 25130-25130/org.radindustries.radwolfsdragon.examples.wifip2ppeerdiscoverytest W/System: ClassLoader referenced unknown path: /data/app/org.radindustries.radwolfsdragon.examples.wifip2ppeerdiscoverytest-1/lib/arm
10-03 01:45:59.536 25130-25130/org.radindustries.radwolfsdragon.examples.wifip2ppeerdiscoverytest I/InstantRun: starting instant run server: is main process
10-03 01:45:59.716 25130-25130/org.radindustries.radwolfsdragon.examples.wifip2ppeerdiscoverytest W/art: Before Android 4.1, method android.graphics.PorterDuffColorFilter android.support.graphics.drawable.VectorDrawableCompat.updateTintFilter(android.graphics.PorterDuffColorFilter, android.content.res.ColorStateList, android.graphics.PorterDuff$Mode) would have incorrectly overridden the package-private method in android.graphics.drawable.Drawable
10-03 01:45:59.966 25130-25130/org.radindustries.radwolfsdragon.examples.wifip2ppeerdiscoverytest D/TextView: setTypeface with style : 0
10-03 01:46:00.036 25130-25130/org.radindustries.radwolfsdragon.examples.wifip2ppeerdiscoverytest D/TextView: setTypeface with style : 0
10-03 01:46:00.036 25130-25130/org.radindustries.radwolfsdragon.examples.wifip2ppeerdiscoverytest D/TextView: setTypeface with style : 0
10-03 01:46:00.056 25130-25130/org.radindustries.radwolfsdragon.examples.wifip2ppeerdiscoverytest D/SecWifiDisplayUtil: Metadata value : none
10-03 01:46:00.056 25130-25130/org.radindustries.radwolfsdragon.examples.wifip2ppeerdiscoverytest D/ViewRootImpl: #1 mView = com.android.internal.policy.PhoneWindow$DecorView{f1515a7 I.E...... R.....ID 0,0-0,0}
10-03 01:46:00.056 25130-25350/org.radindustries.radwolfsdragon.examples.wifip2ppeerdiscoverytest D/OpenGLRenderer: Use EGL_SWAP_BEHAVIOR_PRESERVED: true
10-03 01:46:00.146 25130-25350/org.radindustries.radwolfsdragon.examples.wifip2ppeerdiscoverytest I/Adreno: QUALCOMM build                   : d2b9097, Ifd751822f5
    Build Date                       : 02/11/16
    OpenGL ES Shader Compiler Version: XE031.06.00.05
    Local Branch                     : 
    Remote Branch                    : refs/tags/AU_LINUX_ANDROID_LA.BF.2.1.2_RB1.06.00.01.182.007
    Remote Branch                    : NONE
    Reconstruct Branch               : NOTHING
10-03 01:46:00.146 25130-25350/org.radindustries.radwolfsdragon.examples.wifip2ppeerdiscoverytest D/libEGL: eglInitialize EGLDisplay = 0xade3a7c4
10-03 01:46:00.146 25130-25350/org.radindustries.radwolfsdragon.examples.wifip2ppeerdiscoverytest I/OpenGLRenderer: Initialized EGL, version 1.4
10-03 01:46:00.226 25130-25130/org.radindustries.radwolfsdragon.examples.wifip2ppeerdiscoverytest W/art: Before Android 4.1, method int android.support.v7.widget.DropDownListView.lookForSelectablePosition(int, boolean) would have incorrectly overridden the package-private method in android.widget.ListView
10-03 01:46:00.246 25130-25350/org.radindustries.radwolfsdragon.examples.wifip2ppeerdiscoverytest D/libGLESv1: DTS_GLAPI : DTS is not allowed for Package : org.radindustries.radwolfsdragon.examples.wifip2ppeerdiscoverytest
10-03 01:46:00.396 25130-25130/org.radindustries.radwolfsdragon.examples.wifip2ppeerdiscoverytest D/ViewRootImpl: MSG_RESIZED_REPORT: ci=Rect(0, 96 - 0, 0) vi=Rect(0, 96 - 0, 0) or=1
10-03 01:46:00.436 25130-25130/org.radindustries.radwolfsdragon.examples.wifip2ppeerdiscoverytest I/Timeline: Timeline: Activity_idle id: android.os.BinderProxy@2587e66 time:1238462
10-03 01:46:14.716 25130-25130/org.radindustries.radwolfsdragon.examples.wifip2ppeerdiscoverytest I/PeerDiscoveryTestApp_MyPeerDiscoveryBroadcastReceiver: Wifi / WifiDirect ON (enabled)
10-03 01:46:14.716 25130-25130/org.radindustries.radwolfsdragon.examples.wifip2ppeerdiscoverytest I/PeerDiscoveryTestApp_RadPeerDiscoverer: WIFI P2P manager and channel are okay :)
10-03 01:46:14.756 25130-25130/org.radindustries.radwolfsdragon.examples.wifip2ppeerdiscoverytest I/PeerDiscoveryTestApp_MyPeerDiscoveryBroadcastReceiver: Network info for connection change: [type: WIFI_P2P[] - WIFI_P2P, state: DISCONNECTED/DISCONNECTED, reason: (unspecified), extra: (none), roaming: false, failover: false, isAvailable: true]
10-03 01:46:14.956 25130-25130/org.radindustries.radwolfsdragon.examples.wifip2ppeerdiscoverytest I/PeerDiscoveryTestApp_RadPeerDiscoverer: Local DTN service added successfully
10-03 01:46:14.966 25130-25130/org.radindustries.radwolfsdragon.examples.wifip2ppeerdiscoverytest D/WifiP2pManager: Ignored { when=-1ms what=139313 target=android.net.wifi.p2p.WifiP2pManager$Channel$P2pHandler }
10-03 01:46:14.966 25130-25130/org.radindustries.radwolfsdragon.examples.wifip2ppeerdiscoverytest I/PeerDiscoveryTestApp_RadPeerDiscoverer: Service request successful
10-03 01:46:14.966 25130-25130/org.radindustries.radwolfsdragon.examples.wifip2ppeerdiscoverytest I/PeerDiscoveryTestApp_RadPeerDiscoverer: DTN service discovery initiated successfully
10-03 01:46:14.976 25130-25130/org.radindustries.radwolfsdragon.examples.wifip2ppeerdiscoverytest I/PeerDiscoveryTestApp_RadPeerDiscoverer: Peer discovery initiated successfully
10-03 01:46:15.086 25130-25130/org.radindustries.radwolfsdragon.examples.wifip2ppeerdiscoverytest I/PeerDiscoveryTestApp_MyPeerDiscoveryBroadcastReceiver: This device has changed somehow o_O: Device: Jim Kasumba (Galaxy Note Edge)
     deviceAddress: c2:bd:d1:4d:81:2e
     primary type: 10-0050F204-5
     secondary type: null
     wps: 0
     grpcapab: 0
     devcapab: 0
     status: 3
     wfdInfo: null
     groupownerAddress: null
     GOdeviceName: null
     interfaceAddress: 
     SConnectInfo : null
     contactInfoHash : null
     ssDevInfo : 0
     iconIdx : 0
10-03 01:46:58.436 25130-25130/org.radindustries.radwolfsdragon.examples.wifip2ppeerdiscoverytest V/ActivityThread: updateVisibility : ActivityRecord{fb907ab token=android.os.BinderProxy@2587e66 {org.radindustries.radwolfsdragon.examples.wifip2ppeerdiscoverytest/org.radindustries.radwolfsdragon.examples.wifip2ppeerdiscoverytest.MainActivity}} show : true
10-03 01:47:22.886 25130-25130/org.radindustries.radwolfsdragon.examples.wifip2ppeerdiscoverytest I/PeerDiscoveryTestApp_MyPeerDiscoveryBroadcastReceiver: Network info for connection change: [type: WIFI_P2P[] - WIFI_P2P, state: DISCONNECTED/FAILED, reason: (unspecified), extra: (none), roaming: false, failover: false, isAvailable: true]
10-03 01:47:22.956 25130-25130/org.radindustries.radwolfsdragon.examples.wifip2ppeerdiscoverytest I/PeerDiscoveryTestApp_MyPeerDiscoveryBroadcastReceiver: Wifi / WifiDirect OFF (disabled)
10-03 01:47:22.956 25130-25130/org.radindustries.radwolfsdragon.examples.wifip2ppeerdiscoverytest E/PeerDiscoveryTestApp_RadPeerDiscoverer: Connections refused to cancel: device busy
10-03 01:47:22.956 25130-25130/org.radindustries.radwolfsdragon.examples.wifip2ppeerdiscoverytest E/PeerDiscoveryTestApp_RadPeerDiscoverer: Service requests failed to clear: device busy
10-03 01:47:22.986 25130-25130/org.radindustries.radwolfsdragon.examples.wifip2ppeerdiscoverytest I/PeerDiscoveryTestApp_MyPeerDiscoveryBroadcastReceiver: Network info for connection change: [type: WIFI_P2P[] - WIFI_P2P, state: DISCONNECTED/DISCONNECTED, reason: (unspecified), extra: (none), roaming: false, failover: false, isAvailable: false]
10-03 01:47:31.356 25130-25130/org.radindustries.radwolfsdragon.examples.wifip2ppeerdiscoverytest I/Timeline: Timeline: Activity_idle id: android.os.BinderProxy@2587e66 time:1329382
10-03 01:50:33.426 25130-25130/org.radindustries.radwolfsdragon.examples.wifip2ppeerdiscoverytest I/PeerDiscoveryTestApp_MyPeerDiscoveryBroadcastReceiver: Wifi / WifiDirect ON (enabled)
10-03 01:50:33.446 25130-25130/org.radindustries.radwolfsdragon.examples.wifip2ppeerdiscoverytest I/PeerDiscoveryTestApp_MyPeerDiscoveryBroadcastReceiver: Network info for connection change: [type: WIFI_P2P[] - WIFI_P2P, state: DISCONNECTED/DISCONNECTED, reason: (unspecified), extra: (none), roaming: false, failover: false, isAvailable: true]
10-03 01:50:33.576 25130-25130/org.radindustries.radwolfsdragon.examples.wifip2ppeerdiscoverytest I/PeerDiscoveryTestApp_RadPeerDiscoverer: Service request successful
10-03 01:50:33.576 25130-25130/org.radindustries.radwolfsdragon.examples.wifip2ppeerdiscoverytest I/PeerDiscoveryTestApp_RadPeerDiscoverer: DTN service discovery initiated successfully
10-03 01:50:33.576 25130-25130/org.radindustries.radwolfsdragon.examples.wifip2ppeerdiscoverytest I/PeerDiscoveryTestApp_RadPeerDiscoverer: Peer discovery initiated successfully
10-03 01:50:33.636 25130-25130/org.radindustries.radwolfsdragon.examples.wifip2ppeerdiscoverytest I/PeerDiscoveryTestApp_MyPeerDiscoveryBroadcastReceiver: This device has changed somehow o_O: Device: Jim Kasumba (Galaxy Note Edge)
     deviceAddress: c2:bd:d1:4d:81:2e
     primary type: 10-0050F204-5
     secondary type: null
     wps: 0
     grpcapab: 0
     devcapab: 0
     status: 3
     wfdInfo: null
     groupownerAddress: null
     GOdeviceName: null
     interfaceAddress: 
     SConnectInfo : null
     contactInfoHash : null
     ssDevInfo : 0
     iconIdx : 0
10-03 01:52:25.196 25130-25130/org.radindustries.radwolfsdragon.examples.wifip2ppeerdiscoverytest D/ViewRootImpl: ViewPostImeInputStage processPointer 0
10-03 01:52:25.286 25130-25130/org.radindustries.radwolfsdragon.examples.wifip2ppeerdiscoverytest D/ViewRootImpl: ViewPostImeInputStage processPointer 1
10-03 01:52:32.716 25130-25130/org.radindustries.radwolfsdragon.examples.wifip2ppeerdiscoverytest D/ViewRootImpl: ViewPostImeInputStage processPointer 0
10-03 01:52:32.856 25130-25130/org.radindustries.radwolfsdragon.examples.wifip2ppeerdiscoverytest D/ViewRootImpl: ViewPostImeInputStage processPointer 1
10-03 01:52:35.036 25130-25130/org.radindustries.radwolfsdragon.examples.wifip2ppeerdiscoverytest D/ViewRootImpl: ViewPostImeInputStage processPointer 0
10-03 01:52:35.136 25130-25130/org.radindustries.radwolfsdragon.examples.wifip2ppeerdiscoverytest D/ViewRootImpl: ViewPostImeInputStage processPointer 1
10-03 01:52:35.906 25130-25130/org.radindustries.radwolfsdragon.examples.wifip2ppeerdiscoverytest D/ViewRootImpl: ViewPostImeInputStage processPointer 0
10-03 01:52:35.976 25130-25130/org.radindustries.radwolfsdragon.examples.wifip2ppeerdiscoverytest D/ViewRootImpl: ViewPostImeInputStage processPointer 1
10-03 01:52:36.006 25130-25130/org.radindustries.radwolfsdragon.examples.wifip2ppeerdiscoverytest W/art: Before Android 4.1, method int android.support.v7.widget.MenuPopupWindow$MenuDropDownListView.lookForSelectablePosition(int, boolean) would have incorrectly overridden the package-private method in android.widget.ListView
10-03 01:52:36.006 25130-25130/org.radindustries.radwolfsdragon.examples.wifip2ppeerdiscoverytest I/ListPopupWindow: Could not find method setEpicenterBounds(Rect) on PopupWindow. Oh well.
10-03 01:52:36.036 25130-25130/org.radindustries.radwolfsdragon.examples.wifip2ppeerdiscoverytest D/TextView: setTypeface with style : 0
10-03 01:52:36.036 25130-25130/org.radindustries.radwolfsdragon.examples.wifip2ppeerdiscoverytest D/TextView: setTypeface with style : 0
10-03 01:52:36.066 25130-25130/org.radindustries.radwolfsdragon.examples.wifip2ppeerdiscoverytest D/AbsListView: Get MotionRecognitionManager
10-03 01:52:36.076 25130-25130/org.radindustries.radwolfsdragon.examples.wifip2ppeerdiscoverytest E/MotionRecognitionManager: mSContextService = android.hardware.scontext.ISContextService$Stub$Proxy@ebbb78b
10-03 01:52:36.076 25130-25130/org.radindustries.radwolfsdragon.examples.wifip2ppeerdiscoverytest E/MotionRecognitionManager: motionService = com.samsung.android.motion.IMotionRecognitionService$Stub$Proxy@85bb068
10-03 01:52:36.076 25130-25130/org.radindustries.radwolfsdragon.examples.wifip2ppeerdiscoverytest E/MotionRecognitionManager: motionService = com.samsung.android.motion.IMotionRecognitionService$Stub$Proxy@85bb068
10-03 01:52:36.086 25130-25130/org.radindustries.radwolfsdragon.examples.wifip2ppeerdiscoverytest D/ViewRootImpl: #1 mView = android.widget.PopupWindow$PopupDecorView{b660126 V.E...... ......I. 0,0-0,0}
10-03 01:52:36.106 25130-25130/org.radindustries.radwolfsdragon.examples.wifip2ppeerdiscoverytest D/TextView: setTypeface with style : 0
10-03 01:52:36.106 25130-25130/org.radindustries.radwolfsdragon.examples.wifip2ppeerdiscoverytest D/TextView: setTypeface with style : 0
10-03 01:52:36.136 25130-25130/org.radindustries.radwolfsdragon.examples.wifip2ppeerdiscoverytest D/TextView: setTypeface with style : 0
10-03 01:52:36.136 25130-25130/org.radindustries.radwolfsdragon.examples.wifip2ppeerdiscoverytest D/TextView: setTypeface with style : 0
10-03 01:52:36.206 25130-25130/org.radindustries.radwolfsdragon.examples.wifip2ppeerdiscoverytest D/ViewRootImpl: MSG_RESIZED_REPORT: ci=Rect(0, 0 - 0, 0) vi=Rect(0, 0 - 0, 0) or=1
10-03 01:52:36.986 25130-25130/org.radindustries.radwolfsdragon.examples.wifip2ppeerdiscoverytest D/ViewRootImpl: ViewPostImeInputStage processPointer 0
10-03 01:52:37.056 25130-25130/org.radindustries.radwolfsdragon.examples.wifip2ppeerdiscoverytest D/ViewRootImpl: ViewPostImeInputStage processPointer 1
10-03 01:52:37.456 25130-25350/org.radindustries.radwolfsdragon.examples.wifip2ppeerdiscoverytest D/OpenGLRenderer: endAllActiveAnimators on 0xad85c280 (MenuPopupWindow$MenuDropDownListView) with handle 0x9f4bf750
10-03 01:52:37.456 25130-25130/org.radindustries.radwolfsdragon.examples.wifip2ppeerdiscoverytest D/ViewRootImpl: #3 mView = null
10-03 01:52:44.776 25130-25130/org.radindustries.radwolfsdragon.examples.wifip2ppeerdiscoverytest I/PeerDiscoveryTestApp_MyPeerDiscoveryBroadcastReceiver: Network info for connection change: [type: WIFI_P2P[] - WIFI_P2P, state: DISCONNECTED/FAILED, reason: (unspecified), extra: (none), roaming: false, failover: false, isAvailable: true]
10-03 01:52:44.876 25130-25130/org.radindustries.radwolfsdragon.examples.wifip2ppeerdiscoverytest I/PeerDiscoveryTestApp_MyPeerDiscoveryBroadcastReceiver: Wifi / WifiDirect OFF (disabled)
10-03 01:52:44.876 25130-25130/org.radindustries.radwolfsdragon.examples.wifip2ppeerdiscoverytest E/PeerDiscoveryTestApp_RadPeerDiscoverer: Connections refused to cancel: device busy
10-03 01:52:44.886 25130-25130/org.radindustries.radwolfsdragon.examples.wifip2ppeerdiscoverytest E/PeerDiscoveryTestApp_RadPeerDiscoverer: Service requests failed to clear: device busy
10-03 01:52:44.886 25130-25130/org.radindustries.radwolfsdragon.examples.wifip2ppeerdiscoverytest I/PeerDiscoveryTestApp_MyPeerDiscoveryBroadcastReceiver: Network info for connection change: [type: WIFI_P2P[] - WIFI_P2P, state: DISCONNECTED/DISCONNECTED, reason: (unspecified), extra: (none), roaming: false, failover: false, isAvailable: false]
10-03 01:54:05.866 25130-25130/org.radindustries.radwolfsdragon.examples.wifip2ppeerdiscoverytest I/PeerDiscoveryTestApp_MyPeerDiscoveryBroadcastReceiver: Wifi / WifiDirect ON (enabled)
10-03 01:54:05.876 25130-25130/org.radindustries.radwolfsdragon.examples.wifip2ppeerdiscoverytest I/PeerDiscoveryTestApp_RadPeerDiscoverer: Service request successful
10-03 01:54:05.876 25130-25130/org.radindustries.radwolfsdragon.examples.wifip2ppeerdiscoverytest I/PeerDiscoveryTestApp_RadPeerDiscoverer: DTN service discovery initiated successfully
10-03 01:54:05.886 25130-25130/org.radindustries.radwolfsdragon.examples.wifip2ppeerdiscoverytest I/PeerDiscoveryTestApp_RadPeerDiscoverer: Peer discovery initiated successfully
10-03 01:54:05.896 25130-25130/org.radindustries.radwolfsdragon.examples.wifip2ppeerdiscoverytest I/PeerDiscoveryTestApp_MyPeerDiscoveryBroadcastReceiver: Network info for connection change: [type: WIFI_P2P[] - WIFI_P2P, state: DISCONNECTED/DISCONNECTED, reason: (unspecified), extra: (none), roaming: false, failover: false, isAvailable: true]
10-03 01:54:06.056 25130-25130/org.radindustries.radwolfsdragon.examples.wifip2ppeerdiscoverytest I/PeerDiscoveryTestApp_MyPeerDiscoveryBroadcastReceiver: This device has changed somehow o_O: Device: Jim Kasumba (Galaxy Note Edge)
     deviceAddress: c2:bd:d1:4d:81:2e
     primary type: 10-0050F204-5
     secondary type: null
     wps: 0
     grpcapab: 0
     devcapab: 0
     status: 3
     wfdInfo: null
     groupownerAddress: null
     GOdeviceName: null
     interfaceAddress: 
     SConnectInfo : null
     contactInfoHash : null
     ssDevInfo : 0
     iconIdx : 0
10-03 01:54:11.676 25130-25130/org.radindustries.radwolfsdragon.examples.wifip2ppeerdiscoverytest V/ActivityThread: updateVisibility : ActivityRecord{fb907ab token=android.os.BinderProxy@2587e66 {org.radindustries.radwolfsdragon.examples.wifip2ppeerdiscoverytest/org.radindustries.radwolfsdragon.examples.wifip2ppeerdiscoverytest.MainActivity}} show : true
10-03 01:56:07.196 25130-25130/org.radindustries.radwolfsdragon.examples.wifip2ppeerdiscoverytest I/Timeline: Timeline: Activity_idle id: android.os.BinderProxy@2587e66 time:1845224
10-03 01:56:11.166 25130-25130/org.radindustries.radwolfsdragon.examples.wifip2ppeerdiscoverytest I/PeerDiscoveryTestApp_MyPeerDiscoveryBroadcastReceiver: Network info for connection change: [type: WIFI_P2P[] - WIFI_P2P, state: DISCONNECTED/FAILED, reason: (unspecified), extra: (none), roaming: false, failover: false, isAvailable: true]
10-03 01:56:11.286 25130-25130/org.radindustries.radwolfsdragon.examples.wifip2ppeerdiscoverytest I/PeerDiscoveryTestApp_MyPeerDiscoveryBroadcastReceiver: Wifi / WifiDirect OFF (disabled)
10-03 01:56:11.286 25130-25130/org.radindustries.radwolfsdragon.examples.wifip2ppeerdiscoverytest E/PeerDiscoveryTestApp_RadPeerDiscoverer: Connections refused to cancel: device busy
10-03 01:56:11.286 25130-25130/org.radindustries.radwolfsdragon.examples.wifip2ppeerdiscoverytest E/PeerDiscoveryTestApp_RadPeerDiscoverer: Service requests failed to clear: device busy
10-03 01:56:11.296 25130-25130/org.radindustries.radwolfsdragon.examples.wifip2ppeerdiscoverytest I/PeerDiscoveryTestApp_MyPeerDiscoveryBroadcastReceiver: Network info for connection change: [type: WIFI_P2P[] - WIFI_P2P, state: DISCONNECTED/DISCONNECTED, reason: (unspecified), extra: (none), roaming: false, failover: false, isAvailable: false]
10-03 01:56:17.266 25130-25130/org.radindustries.radwolfsdragon.examples.wifip2ppeerdiscoverytest I/PeerDiscoveryTestApp_MyPeerDiscoveryBroadcastReceiver: Wifi / WifiDirect ON (enabled)
10-03 01:56:17.276 25130-25130/org.radindustries.radwolfsdragon.examples.wifip2ppeerdiscoverytest I/PeerDiscoveryTestApp_MyPeerDiscoveryBroadcastReceiver: Network info for connection change: [type: WIFI_P2P[] - WIFI_P2P, state: DISCONNECTED/DISCONNECTED, reason: (unspecified), extra: (none), roaming: false, failover: false, isAvailable: true]
10-03 01:56:17.386 25130-25130/org.radindustries.radwolfsdragon.examples.wifip2ppeerdiscoverytest I/PeerDiscoveryTestApp_RadPeerDiscoverer: Service request successful
10-03 01:56:17.386 25130-25130/org.radindustries.radwolfsdragon.examples.wifip2ppeerdiscoverytest I/PeerDiscoveryTestApp_RadPeerDiscoverer: DTN service discovery initiated successfully
10-03 01:56:17.386 25130-25130/org.radindustries.radwolfsdragon.examples.wifip2ppeerdiscoverytest I/PeerDiscoveryTestApp_RadPeerDiscoverer: Peer discovery initiated successfully
10-03 01:56:17.446 25130-25130/org.radindustries.radwolfsdragon.examples.wifip2ppeerdiscoverytest I/PeerDiscoveryTestApp_MyPeerDiscoveryBroadcastReceiver: This device has changed somehow o_O: Device: Jim Kasumba (Galaxy Note Edge)
     deviceAddress: c2:bd:d1:4d:81:2e
     primary type: 10-0050F204-5
     secondary type: null
     wps: 0
     grpcapab: 0
     devcapab: 0
     status: 3
     wfdInfo: null
     groupownerAddress: null
     GOdeviceName: null
     interfaceAddress: 
     SConnectInfo : null
     contactInfoHash : null
     ssDevInfo : 0
     iconIdx : 0
10-03 01:56:23.046 25130-25130/org.radindustries.radwolfsdragon.examples.wifip2ppeerdiscoverytest V/ActivityThread: updateVisibility : ActivityRecord{fb907ab token=android.os.BinderProxy@2587e66 {org.radindustries.radwolfsdragon.examples.wifip2ppeerdiscoverytest/org.radindustries.radwolfsdragon.examples.wifip2ppeerdiscoverytest.MainActivity}} show : true
10-03 01:56:54.496 25130-25130/org.radindustries.radwolfsdragon.examples.wifip2ppeerdiscoverytest I/Timeline: Timeline: Activity_idle id: android.os.BinderProxy@2587e66 time:1892520
10-03 01:56:55.136 25130-25130/org.radindustries.radwolfsdragon.examples.wifip2ppeerdiscoverytest D/ViewRootImpl: ViewPostImeInputStage processPointer 0
10-03 01:56:55.276 25130-25130/org.radindustries.radwolfsdragon.examples.wifip2ppeerdiscoverytest D/ViewRootImpl: ViewPostImeInputStage processPointer 1
10-03 01:56:56.626 25130-25130/org.radindustries.radwolfsdragon.examples.wifip2ppeerdiscoverytest D/ViewRootImpl: ViewPostImeInputStage processPointer 0
10-03 01:56:56.716 25130-25130/org.radindustries.radwolfsdragon.examples.wifip2ppeerdiscoverytest D/ViewRootImpl: ViewPostImeInputStage processPointer 1
10-03 01:56:57.716 25130-25130/org.radindustries.radwolfsdragon.examples.wifip2ppeerdiscoverytest D/ViewRootImpl: ViewPostImeInputStage processPointer 0
10-03 01:56:57.806 25130-25130/org.radindustries.radwolfsdragon.examples.wifip2ppeerdiscoverytest D/ViewRootImpl: ViewPostImeInputStage processPointer 1
10-03 01:56:57.916 25130-25130/org.radindustries.radwolfsdragon.examples.wifip2ppeerdiscoverytest D/ViewRootImpl: ViewPostImeInputStage processPointer 0
10-03 01:56:58.006 25130-25130/org.radindustries.radwolfsdragon.examples.wifip2ppeerdiscoverytest D/ViewRootImpl: ViewPostImeInputStage processPointer 1
10-03 01:56:58.376 25130-25130/org.radindustries.radwolfsdragon.examples.wifip2ppeerdiscoverytest D/ViewRootImpl: ViewPostImeInputStage processPointer 0
10-03 01:56:58.426 25130-25130/org.radindustries.radwolfsdragon.examples.wifip2ppeerdiscoverytest D/ViewRootImpl: ViewPostImeInputStage processPointer 1
10-03 01:56:58.956 25130-25130/org.radindustries.radwolfsdragon.examples.wifip2ppeerdiscoverytest D/ViewRootImpl: ViewPostImeInputStage processPointer 0
10-03 01:56:59.006 25130-25130/org.radindustries.radwolfsdragon.examples.wifip2ppeerdiscoverytest D/ViewRootImpl: ViewPostImeInputStage processPointer 1
10-03 01:56:59.566 25130-25130/org.radindustries.radwolfsdragon.examples.wifip2ppeerdiscoverytest D/ViewRootImpl: ViewPostImeInputStage processPointer 0
10-03 01:56:59.646 25130-25130/org.radindustries.radwolfsdragon.examples.wifip2ppeerdiscoverytest D/ViewRootImpl: ViewPostImeInputStage processPointer 1
10-03 01:56:59.676 25130-25130/org.radindustries.radwolfsdragon.examples.wifip2ppeerdiscoverytest D/TextView: setTypeface with style : 0
10-03 01:56:59.676 25130-25130/org.radindustries.radwolfsdragon.examples.wifip2ppeerdiscoverytest D/TextView: setTypeface with style : 0
10-03 01:56:59.686 25130-25130/org.radindustries.radwolfsdragon.examples.wifip2ppeerdiscoverytest D/AbsListView: Get MotionRecognitionManager
10-03 01:56:59.696 25130-25130/org.radindustries.radwolfsdragon.examples.wifip2ppeerdiscoverytest D/ViewRootImpl: #1 mView = android.widget.PopupWindow$PopupDecorView{164a655 V.E...... ......I. 0,0-0,0}
10-03 01:56:59.706 25130-25130/org.radindustries.radwolfsdragon.examples.wifip2ppeerdiscoverytest D/TextView: setTypeface with style : 0
10-03 01:56:59.716 25130-25130/org.radindustries.radwolfsdragon.examples.wifip2ppeerdiscoverytest D/TextView: setTypeface with style : 0
10-03 01:56:59.746 25130-25130/org.radindustries.radwolfsdragon.examples.wifip2ppeerdiscoverytest D/TextView: setTypeface with style : 0
10-03 01:56:59.746 25130-25130/org.radindustries.radwolfsdragon.examples.wifip2ppeerdiscoverytest D/TextView: setTypeface with style : 0
10-03 01:56:59.766 25130-25130/org.radindustries.radwolfsdragon.examples.wifip2ppeerdiscoverytest D/ViewRootImpl: MSG_RESIZED_REPORT: ci=Rect(0, 0 - 0, 0) vi=Rect(0, 0 - 0, 0) or=1
10-03 01:57:00.556 25130-25130/org.radindustries.radwolfsdragon.examples.wifip2ppeerdiscoverytest D/ViewRootImpl: ViewPostImeInputStage processPointer 0
10-03 01:57:00.626 25130-25130/org.radindustries.radwolfsdragon.examples.wifip2ppeerdiscoverytest D/ViewRootImpl: ViewPostImeInputStage processPointer 1
10-03 01:57:01.026 25130-25350/org.radindustries.radwolfsdragon.examples.wifip2ppeerdiscoverytest D/OpenGLRenderer: endAllActiveAnimators on 0xb2a4fc00 (MenuPopupWindow$MenuDropDownListView) with handle 0x9f4bf7c0
10-03 01:57:01.026 25130-25130/org.radindustries.radwolfsdragon.examples.wifip2ppeerdiscoverytest D/ViewRootImpl: #3 mView = null
10-03 01:57:40.186 25130-25130/org.radindustries.radwolfsdragon.examples.wifip2ppeerdiscoverytest D/ViewRootImpl: ViewPostImeInputStage processKey 0
10-03 01:57:40.366 25130-25130/org.radindustries.radwolfsdragon.examples.wifip2ppeerdiscoverytest D/ViewRootImpl: ViewPostImeInputStage processKey 1
10-03 01:57:40.696 25130-25130/org.radindustries.radwolfsdragon.examples.wifip2ppeerdiscoverytest D/ViewRootImpl: #3 mView = null
10-03 01:57:47.856 25130-25136/org.radindustries.radwolfsdragon.examples.wifip2ppeerdiscoverytest I/art: Enabling alloc tracker (65536 entries of 16 frames, taking 8MB)
10-03 01:57:51.116 25130-25136/org.radindustries.radwolfsdragon.examples.wifip2ppeerdiscoverytest I/art: allocation records: 3
10-03 01:57:51.116 25130-25136/org.radindustries.radwolfsdragon.examples.wifip2ppeerdiscoverytest I/art: Disabling alloc tracker
10-03 01:58:09.986 25130-25136/org.radindustries.radwolfsdragon.examples.wifip2ppeerdiscoverytest I/art: Starting a blocking GC Explicit
10-03 01:58:10.016 25130-25136/org.radindustries.radwolfsdragon.examples.wifip2ppeerdiscoverytest I/art: Explicit concurrent mark sweep GC freed 6057(379KB) AllocSpace objects, 4(448KB) LOS objects, 71% free, 3MB/11MB, paused 751us total 24.444ms
10-03 01:58:46.906 25130-25130/org.radindustries.radwolfsdragon.examples.wifip2ppeerdiscoverytest D/TextView: setTypeface with style : 0
10-03 01:58:46.916 25130-25130/org.radindustries.radwolfsdragon.examples.wifip2ppeerdiscoverytest D/TextView: setTypeface with style : 0
10-03 01:58:46.916 25130-25130/org.radindustries.radwolfsdragon.examples.wifip2ppeerdiscoverytest D/TextView: setTypeface with style : 0
10-03 01:58:46.926 25130-25130/org.radindustries.radwolfsdragon.examples.wifip2ppeerdiscoverytest D/SecWifiDisplayUtil: Metadata value : none
10-03 01:58:46.926 25130-25130/org.radindustries.radwolfsdragon.examples.wifip2ppeerdiscoverytest D/ViewRootImpl: #1 mView = com.android.internal.policy.PhoneWindow$DecorView{e8a3a I.E...... R.....ID 0,0-0,0}
10-03 01:58:46.996 25130-25130/org.radindustries.radwolfsdragon.examples.wifip2ppeerdiscoverytest D/ViewRootImpl: MSG_RESIZED_REPORT: ci=Rect(0, 96 - 0, 0) vi=Rect(0, 96 - 0, 0) or=1
10-03 01:58:47.016 25130-25130/org.radindustries.radwolfsdragon.examples.wifip2ppeerdiscoverytest I/Timeline: Timeline: Activity_idle id: android.os.BinderProxy@b016d65 time:2005043
10-03 01:59:03.046 25130-25130/org.radindustries.radwolfsdragon.examples.wifip2ppeerdiscoverytest D/ViewRootImpl: ViewPostImeInputStage processPointer 0
10-03 01:59:03.176 25130-25130/org.radindustries.radwolfsdragon.examples.wifip2ppeerdiscoverytest D/ViewRootImpl: ViewPostImeInputStage processPointer 1
10-03 01:59:03.446 25130-25130/org.radindustries.radwolfsdragon.examples.wifip2ppeerdiscoverytest D/ViewRootImpl: ViewPostImeInputStage processPointer 0
10-03 01:59:03.566 25130-25130/org.radindustries.radwolfsdragon.examples.wifip2ppeerdiscoverytest D/ViewRootImpl: ViewPostImeInputStage processPointer 1
10-03 01:59:03.686 25130-25130/org.radindustries.radwolfsdragon.examples.wifip2ppeerdiscoverytest D/ViewRootImpl: ViewPostImeInputStage processPointer 0
10-03 01:59:03.776 25130-25130/org.radindustries.radwolfsdragon.examples.wifip2ppeerdiscoverytest D/ViewRootImpl: ViewPostImeInputStage processPointer 1
10-03 01:59:03.886 25130-25130/org.radindustries.radwolfsdragon.examples.wifip2ppeerdiscoverytest D/ViewRootImpl: ViewPostImeInputStage processPointer 0
10-03 01:59:03.946 25130-25130/org.radindustries.radwolfsdragon.examples.wifip2ppeerdiscoverytest D/ViewRootImpl: ViewPostImeInputStage processPointer 1
10-03 01:59:04.116 25130-25130/org.radindustries.radwolfsdragon.examples.wifip2ppeerdiscoverytest D/ViewRootImpl: ViewPostImeInputStage processPointer 0
10-03 01:59:04.226 25130-25130/org.radindustries.radwolfsdragon.examples.wifip2ppeerdiscoverytest D/ViewRootImpl: ViewPostImeInputStage processPointer 1
10-03 01:59:04.626 25130-25130/org.radindustries.radwolfsdragon.examples.wifip2ppeerdiscoverytest D/ViewRootImpl: ViewPostImeInputStage processPointer 0
10-03 01:59:04.676 25130-25130/org.radindustries.radwolfsdragon.examples.wifip2ppeerdiscoverytest D/ViewRootImpl: ViewPostImeInputStage processPointer 1
10-03 01:59:04.786 25130-25130/org.radindustries.radwolfsdragon.examples.wifip2ppeerdiscoverytest D/ViewRootImpl: ViewPostImeInputStage processPointer 0
10-03 01:59:04.836 25130-25130/org.radindustries.radwolfsdragon.examples.wifip2ppeerdiscoverytest D/ViewRootImpl: ViewPostImeInputStage processPointer 1
10-03 01:59:05.386 25130-25130/org.radindustries.radwolfsdragon.examples.wifip2ppeerdiscoverytest D/ViewRootImpl: ViewPostImeInputStage processPointer 0
10-03 01:59:05.456 25130-25130/org.radindustries.radwolfsdragon.examples.wifip2ppeerdiscoverytest D/ViewRootImpl: ViewPostImeInputStage processPointer 1
10-03 01:59:05.486 25130-25130/org.radindustries.radwolfsdragon.examples.wifip2ppeerdiscoverytest D/TextView: setTypeface with style : 0
10-03 01:59:05.486 25130-25130/org.radindustries.radwolfsdragon.examples.wifip2ppeerdiscoverytest D/TextView: setTypeface with style : 0
10-03 01:59:05.496 25130-25130/org.radindustries.radwolfsdragon.examples.wifip2ppeerdiscoverytest D/AbsListView: Get MotionRecognitionManager
10-03 01:59:05.496 25130-25130/org.radindustries.radwolfsdragon.examples.wifip2ppeerdiscoverytest E/MotionRecognitionManager: mSContextService = android.hardware.scontext.ISContextService$Stub$Proxy@f33d931
10-03 01:59:05.496 25130-25130/org.radindustries.radwolfsdragon.examples.wifip2ppeerdiscoverytest E/MotionRecognitionManager: motionService = com.samsung.android.motion.IMotionRecognitionService$Stub$Proxy@2269816
10-03 01:59:05.496 25130-25130/org.radindustries.radwolfsdragon.examples.wifip2ppeerdiscoverytest E/MotionRecognitionManager: motionService = com.samsung.android.motion.IMotionRecognitionService$Stub$Proxy@2269816
10-03 01:59:05.506 25130-25130/org.radindustries.radwolfsdragon.examples.wifip2ppeerdiscoverytest D/ViewRootImpl: #1 mView = android.widget.PopupWindow$PopupDecorView{719b384 V.E...... ......I. 0,0-0,0}
10-03 01:59:05.516 25130-25130/org.radindustries.radwolfsdragon.examples.wifip2ppeerdiscoverytest D/TextView: setTypeface with style : 0
10-03 01:59:05.516 25130-25130/org.radindustries.radwolfsdragon.examples.wifip2ppeerdiscoverytest D/TextView: setTypeface with style : 0
10-03 01:59:05.546 25130-25130/org.radindustries.radwolfsdragon.examples.wifip2ppeerdiscoverytest D/TextView: setTypeface with style : 0
10-03 01:59:05.546 25130-25130/org.radindustries.radwolfsdragon.examples.wifip2ppeerdiscoverytest D/TextView: setTypeface with style : 0
10-03 01:59:05.566 25130-25130/org.radindustries.radwolfsdragon.examples.wifip2ppeerdiscoverytest D/ViewRootImpl: MSG_RESIZED_REPORT: ci=Rect(0, 0 - 0, 0) vi=Rect(0, 0 - 0, 0) or=1
10-03 01:59:06.056 25130-25130/org.radindustries.radwolfsdragon.examples.wifip2ppeerdiscoverytest D/ViewRootImpl: ViewPostImeInputStage processPointer 0
10-03 01:59:06.156 25130-25130/org.radindustries.radwolfsdragon.examples.wifip2ppeerdiscoverytest D/ViewRootImpl: ViewPostImeInputStage processPointer 1
10-03 01:59:06.566 25130-25350/org.radindustries.radwolfsdragon.examples.wifip2ppeerdiscoverytest D/OpenGLRenderer: endAllActiveAnimators on 0xad85d400 (MenuPopupWindow$MenuDropDownListView) with handle 0x9f4bf900
10-03 01:59:06.566 25130-25130/org.radindustries.radwolfsdragon.examples.wifip2ppeerdiscoverytest D/ViewRootImpl: #3 mView = null
10-03 01:59:07.116 25130-25130/org.radindustries.radwolfsdragon.examples.wifip2ppeerdiscoverytest D/ViewRootImpl: ViewPostImeInputStage processPointer 0
10-03 01:59:07.196 25130-25130/org.radindustries.radwolfsdragon.examples.wifip2ppeerdiscoverytest D/ViewRootImpl: ViewPostImeInputStage processPointer 1
10-03 01:59:07.216 25130-25130/org.radindustries.radwolfsdragon.examples.wifip2ppeerdiscoverytest D/TextView: setTypeface with style : 0
10-03 01:59:07.216 25130-25130/org.radindustries.radwolfsdragon.examples.wifip2ppeerdiscoverytest D/TextView: setTypeface with style : 0
10-03 01:59:07.216 25130-25130/org.radindustries.radwolfsdragon.examples.wifip2ppeerdiscoverytest D/AbsListView: Get MotionRecognitionManager
10-03 01:59:07.226 25130-25130/org.radindustries.radwolfsdragon.examples.wifip2ppeerdiscoverytest D/ViewRootImpl: #1 mView = android.widget.PopupWindow$PopupDecorView{d6d574c V.E...... ......I. 0,0-0,0}
10-03 01:59:07.236 25130-25130/org.radindustries.radwolfsdragon.examples.wifip2ppeerdiscoverytest D/TextView: setTypeface with style : 0
10-03 01:59:07.236 25130-25130/org.radindustries.radwolfsdragon.examples.wifip2ppeerdiscoverytest D/TextView: setTypeface with style : 0
10-03 01:59:07.256 25130-25130/org.radindustries.radwolfsdragon.examples.wifip2ppeerdiscoverytest D/TextView: setTypeface with style : 0
10-03 01:59:07.266 25130-25130/org.radindustries.radwolfsdragon.examples.wifip2ppeerdiscoverytest D/TextView: setTypeface with style : 0
10-03 01:59:07.276 25130-25130/org.radindustries.radwolfsdragon.examples.wifip2ppeerdiscoverytest D/ViewRootImpl: MSG_RESIZED_REPORT: ci=Rect(0, 0 - 0, 0) vi=Rect(0, 0 - 0, 0) or=1
10-03 01:59:07.816 25130-25130/org.radindustries.radwolfsdragon.examples.wifip2ppeerdiscoverytest D/ViewRootImpl: ViewPostImeInputStage processPointer 0
10-03 01:59:07.896 25130-25130/org.radindustries.radwolfsdragon.examples.wifip2ppeerdiscoverytest D/ViewRootImpl: ViewPostImeInputStage processPointer 1
10-03 01:59:08.286 25130-25350/org.radindustries.radwolfsdragon.examples.wifip2ppeerdiscoverytest D/OpenGLRenderer: endAllActiveAnimators on 0xb2a52980 (MenuPopupWindow$MenuDropDownListView) with handle 0x9f4bf8e0
10-03 01:59:08.286 25130-25130/org.radindustries.radwolfsdragon.examples.wifip2ppeerdiscoverytest D/ViewRootImpl: #3 mView = null
10-03 01:59:09.716 25130-25130/org.radindustries.radwolfsdragon.examples.wifip2ppeerdiscoverytest D/ViewRootImpl: ViewPostImeInputStage processPointer 0
10-03 01:59:09.826 25130-25130/org.radindustries.radwolfsdragon.examples.wifip2ppeerdiscoverytest D/ViewRootImpl: ViewPostImeInputStage processPointer 1
10-03 01:59:10.906 25130-25130/org.radindustries.radwolfsdragon.examples.wifip2ppeerdiscoverytest D/ViewRootImpl: ViewPostImeInputStage processPointer 0
10-03 01:59:11.036 25130-25130/org.radindustries.radwolfsdragon.examples.wifip2ppeerdiscoverytest D/ViewRootImpl: ViewPostImeInputStage processPointer 1
10-03 01:59:11.396 25130-25130/org.radindustries.radwolfsdragon.examples.wifip2ppeerdiscoverytest D/ViewRootImpl: ViewPostImeInputStage processPointer 0
10-03 01:59:11.486 25130-25130/org.radindustries.radwolfsdragon.examples.wifip2ppeerdiscoverytest D/ViewRootImpl: ViewPostImeInputStage processPointer 1
10-03 01:59:11.726 25130-25130/org.radindustries.radwolfsdragon.examples.wifip2ppeerdiscoverytest D/ViewRootImpl: ViewPostImeInputStage processPointer 0
10-03 01:59:11.786 25130-25130/org.radindustries.radwolfsdragon.examples.wifip2ppeerdiscoverytest D/ViewRootImpl: ViewPostImeInputStage processPointer 1
10-03 01:59:13.106 25130-25130/org.radindustries.radwolfsdragon.examples.wifip2ppeerdiscoverytest D/ViewRootImpl: ViewPostImeInputStage processPointer 0
10-03 01:59:13.216 25130-25130/org.radindustries.radwolfsdragon.examples.wifip2ppeerdiscoverytest D/ViewRootImpl: ViewPostImeInputStage processPointer 1
10-03 01:59:13.736 25130-25130/org.radindustries.radwolfsdragon.examples.wifip2ppeerdiscoverytest D/ViewRootImpl: ViewPostImeInputStage processPointer 0
10-03 01:59:13.826 25130-25130/org.radindustries.radwolfsdragon.examples.wifip2ppeerdiscoverytest D/ViewRootImpl: ViewPostImeInputStage processPointer 1
10-03 01:59:13.966 25130-25130/org.radindustries.radwolfsdragon.examples.wifip2ppeerdiscoverytest D/ViewRootImpl: ViewPostImeInputStage processPointer 0
10-03 01:59:14.036 25130-25130/org.radindustries.radwolfsdragon.examples.wifip2ppeerdiscoverytest D/ViewRootImpl: ViewPostImeInputStage processPointer 1
10-03 01:59:14.156 25130-25130/org.radindustries.radwolfsdragon.examples.wifip2ppeerdiscoverytest D/ViewRootImpl: ViewPostImeInputStage processPointer 0
10-03 01:59:14.206 25130-25130/org.radindustries.radwolfsdragon.examples.wifip2ppeerdiscoverytest D/ViewRootImpl: ViewPostImeInputStage processPointer 1
10-03 01:59:14.316 25130-25130/org.radindustries.radwolfsdragon.examples.wifip2ppeerdiscoverytest D/ViewRootImpl: ViewPostImeInputStage processPointer 0
10-03 01:59:14.376 25130-25130/org.radindustries.radwolfsdragon.examples.wifip2ppeerdiscoverytest D/ViewRootImpl: ViewPostImeInputStage processPointer 1
10-03 01:59:14.946 25130-25130/org.radindustries.radwolfsdragon.examples.wifip2ppeerdiscoverytest D/ViewRootImpl: ViewPostImeInputStage processPointer 0
10-03 01:59:15.026 25130-25130/org.radindustries.radwolfsdragon.examples.wifip2ppeerdiscoverytest D/ViewRootImpl: ViewPostImeInputStage processPointer 1
10-03 01:59:15.066 25130-25130/org.radindustries.radwolfsdragon.examples.wifip2ppeerdiscoverytest D/TextView: setTypeface with style : 0
10-03 01:59:15.066 25130-25130/org.radindustries.radwolfsdragon.examples.wifip2ppeerdiscoverytest D/TextView: setTypeface with style : 0
10-03 01:59:15.076 25130-25130/org.radindustries.radwolfsdragon.examples.wifip2ppeerdiscoverytest D/AbsListView: Get MotionRecognitionManager
10-03 01:59:15.076 25130-25130/org.radindustries.radwolfsdragon.examples.wifip2ppeerdiscoverytest D/ViewRootImpl: #1 mView = android.widget.PopupWindow$PopupDecorView{c0a17dc V.E...... ......I. 0,0-0,0}
10-03 01:59:15.096 25130-25130/org.radindustries.radwolfsdragon.examples.wifip2ppeerdiscoverytest D/TextView: setTypeface with style : 0
10-03 01:59:15.096 25130-25130/org.radindustries.radwolfsdragon.examples.wifip2ppeerdiscoverytest D/TextView: setTypeface with style : 0
10-03 01:59:15.126 25130-25130/org.radindustries.radwolfsdragon.examples.wifip2ppeerdiscoverytest D/TextView: setTypeface with style : 0
10-03 01:59:15.136 25130-25130/org.radindustries.radwolfsdragon.examples.wifip2ppeerdiscoverytest D/TextView: setTypeface with style : 0
10-03 01:59:15.156 25130-25130/org.radindustries.radwolfsdragon.examples.wifip2ppeerdiscoverytest D/ViewRootImpl: MSG_RESIZED_REPORT: ci=Rect(0, 0 - 0, 0) vi=Rect(0, 0 - 0, 0) or=1
10-03 01:59:15.666 25130-25130/org.radindustries.radwolfsdragon.examples.wifip2ppeerdiscoverytest D/ViewRootImpl: ViewPostImeInputStage processPointer 0
10-03 01:59:15.756 25130-25130/org.radindustries.radwolfsdragon.examples.wifip2ppeerdiscoverytest D/ViewRootImpl: ViewPostImeInputStage processPointer 1
10-03 01:59:16.156 25130-25350/org.radindustries.radwolfsdragon.examples.wifip2ppeerdiscoverytest D/OpenGLRenderer: endAllActiveAnimators on 0xb2a45b80 (MenuPopupWindow$MenuDropDownListView) with handle 0x9f4bf8f0
10-03 01:59:16.156 25130-25130/org.radindustries.radwolfsdragon.examples.wifip2ppeerdiscoverytest D/ViewRootImpl: #3 mView = null
10-03 02:01:27.266 25130-25130/org.radindustries.radwolfsdragon.examples.wifip2ppeerdiscoverytest D/ViewRootImpl: ViewPostImeInputStage processPointer 0
10-03 02:01:27.396 25130-25130/org.radindustries.radwolfsdragon.examples.wifip2ppeerdiscoverytest D/ViewRootImpl: ViewPostImeInputStage processPointer 1
10-03 02:01:27.906 25130-25130/org.radindustries.radwolfsdragon.examples.wifip2ppeerdiscoverytest D/ViewRootImpl: ViewPostImeInputStage processKey 0
10-03 02:01:28.016 25130-25130/org.radindustries.radwolfsdragon.examples.wifip2ppeerdiscoverytest D/ViewRootImpl: ViewPostImeInputStage processKey 1
10-03 02:01:28.546 25130-25130/org.radindustries.radwolfsdragon.examples.wifip2ppeerdiscoverytest D/ViewRootImpl: #3 mView = null
10-03 02:01:39.686 25130-25130/org.radindustries.radwolfsdragon.examples.wifip2ppeerdiscoverytest D/TextView: setTypeface with style : 0
10-03 02:01:39.726 25130-25130/org.radindustries.radwolfsdragon.examples.wifip2ppeerdiscoverytest D/TextView: setTypeface with style : 0
10-03 02:01:39.726 25130-25130/org.radindustries.radwolfsdragon.examples.wifip2ppeerdiscoverytest D/TextView: setTypeface with style : 0
